// Jest Snapshot v1, https://goo.gl/fbAQLP

exports[`should render IssuesPage 1`] = `
<div>
  <Connect(IssuesListFilters) />
  <IssuesList
    repoName="James Edward"
  />
</div>
`;
